// Jest Snapshot v1, https://goo.gl/fbAQLP

exports[`renders correctly 1`] = `
<View
  style={
    Object {
      "flex": 1,
    }
  }
>
  <View
    style={
      Object {
        "left": 0,
        "position": "absolute",
        "right": 0,
        "top": 0,
      }
    }
  >
    <View
      style={
        Object {
          "alignItems": "center",
          "backgroundColor": "rgb(255, 255, 255)",
          "flexDirection": "row",
          "height": 65,
          "zIndex": 10,
        }
      }
    >
      <Text
        style={
          Object {
            "color": "rgb(30, 147, 242)",
            "fontSize": 16,
            "marginLeft": 15,
          }
        }
      >
        Reservations
      </Text>
    </View>
    <View
      accessibilityIgnoresInvertColors={true}
      style={
        Object {
          "height": 150,
          "width": 750,
          "zIndex": 2,
        }
      }
    >
      <Image
        source={
          Object {
            "testUri": "../../../src/common/img/hotel-front-desk.jpeg",
          }
        }
        style={
          Array [
            Object {
              "bottom": 0,
              "left": 0,
              "position": "absolute",
              "right": 0,
              "top": 0,
            },
            Object {
              "height": 150,
              "width": 750,
            },
            undefined,
          ]
        }
      />
    </View>
  </View>
  <View
    style={
      Array [
        Object {
          "alignItems": "center",
          "flex": 1,
          "justifyContent": "center",
          "paddingHorizontal": 25,
        },
        undefined,
      ]
    }
  >
    <ActivityIndicator
      animating={true}
      color="rgb(30, 147, 242)"
      hidesWhenStopped={true}
      size="large"
    />
    <Text
      style={
        Array [
          Object {
            "color": "rgb(30, 147, 242)",
            "fontSize": 14,
            "marginTop": 25,
          },
          undefined,
        ]
      }
    >
      Loading reservations
    </Text>
  </View>
</View>
`;
