// Jest Snapshot v1, https://goo.gl/fbAQLP

exports[`renders correctly 1`] = `
<View
  accessibilityIgnoresInvertColors={true}
  style={
    Object {
      "height": 150,
      "width": 750,
      "zIndex": 2,
    }
  }
>
  <Image
    source={
      Object {
        "testUri": "../../../src/common/img/hotel-front-desk.jpeg",
      }
    }
    style={
      Array [
        Object {
          "bottom": 0,
          "left": 0,
          "position": "absolute",
          "right": 0,
          "top": 0,
        },
        Object {
          "height": 150,
          "width": 750,
        },
        undefined,
      ]
    }
  />
</View>
`;
